Creating test database for alias 'default'...

F.....
======================================================================
FAIL: test_flujo_de_vida_mantenimiento (tests.test_flujo_e2e.FlujoCompletoTests.test_flujo_de_vida_mantenimiento)
Simula el ciclo completo:
----------------------------------------------------------------------
Traceback (most recent call last):
  File "C:\Users\the_8\Desktop\backend final\tests\test_flujo_e2e.py", line 43, in test_flujo_de_vida_mantenimiento
    self.assertEqual(res_empresa.status_code, status.HTTP_201_CREATED)
    ~~~~~~~~~~~~~~~~^^^^^^^^^^^^^^^^^^^^^^^^^^^^^^^^^^^^^^^^^^^^^^^^^^
AssertionError: 400 != 201

----------------------------------------------------------------------
Ran 6 tests in 2.351s

FAILED (failures=1)
Destroying test database for alias 'default'...

Found 6 test(s).
System check identified no issues (0 silenced).

>>> INICIANDO TEST DE FLUJO COMPLETO (E2E) <<<
